     1                                      %include "../include/macros.s"
     1                              <1> %macro cdecl 1-*.nolist
     2                              <1>     %rep %0 - 1
     3                              <1>     push %{-1:-1}
     4                              <1>     %rotate - 1
     5                              <1>     %endrep
     6                              <1>     %rotate -1
     7                              <1>     call %1
     8                              <1> 
     9                              <1>     %if 1 < %0
    10                              <1>     add sp, (__BITS__ >> 3) * (%0 - 1)
    11                              <1>     %endif
    12                              <1> %endmacro
     2                                  ;;;
     3                                  ;;; エントリポイント
     4                                  ;;;
     5                                      BOOT_LOAD equ 0x7C00        ; ブートプログラムのロード位置
     6                                      ORG BOOT_LOAD               ; ロードアドレスをアセンブラに指示
     7                                  entry:
     8 00000000 EB58                        jmp ipl                       ; IPLへジャンプ
     9                                  
    10                                      ;; BPB(BIOS Prameter Block)
    11 00000002 90<rept>                    times 90 - ($ - $$) db 0x90
    12                                  
    13                                      ;; IPL (Initial Program Loader)
    14                                  ipl:
    15 0000005A FA                          cli                        ; 割り込み禁止
    16                                  
    17 0000005B B80000                      mov ax, 0x0000              ; AX = 0x0000;
    18 0000005E 8ED8                        mov ds, ax                  ; DS = 0x0000;
    19 00000060 8EC0                        mov es, ax                  ; ES = 0x0000;
    20 00000062 8ED0                        mov ss, ax                  ; SS = 0x0000;
    21 00000064 BC007C                      mov sp, BOOT_LOAD           ; SP = 0x7C00;
    22                                  
    23 00000067 FB                          sti                        ; 割り込み許可
    24                                  
    25 00000068 8816[8400]                  mov [BOOT.DRIVE], dl       ; ブートドライブを保存
    26                                  
    27                                      ;; 文字を表示
    28 0000006C 68[7700]E8140083C4-         cdecl puts, .s0             ; puts(.s0);
    28 00000074 02                 
    29                                  
    30 00000075 EBFE                        jmp $                       ; while(1)
    31                                  
    32 00000077 426F6F74696E672E2E-         .s0: db "Booting...", 0x0A, 0x0D, 0
    32 00000080 2E0A0D00           
    33                                      ALIGN 2, db 0
    34                                  BOOT:                           ; ブートドライブに関する情報
    35 00000084 0000                        .DRIVE: dw 0                ; ドライブ番号
    36                                  
    37                                  
    38                                  ;;;
    39                                  ;;; モジュール
    40                                  ;;;
    41                                      %include "../modules/real/puts.s"
     1                              <1> ;;; 文字列の表示
     2                              <1> ;;; @fn puts(str);
     3                              <1> ;;; @param str the address of string
     4                              <1> ;;; @return nothing
     5                              <1> 
     6                              <1> puts:
     7                              <1>     ;; スタックフレームの構築
     8 00000086 55                  <1>     push bp
     9 00000087 89E5                <1>     mov bp, sp
    10                              <1>     ;; レジスタの保存
    11 00000089 50                  <1>     push ax
    12 0000008A 53                  <1>     push bx
    13 0000008B 56                  <1>     push si
    14                              <1> 
    15 0000008C 8B7604              <1>     mov si, [bp + 4]            ; SI = the address of string
    16                              <1> 
    17                              <1>     ;; 関数本体
    18 0000008F B40E                <1>     mov ah, 0x0E
    19 00000091 BB0000              <1>     mov bx, 0x0000
    20                              <1> 
    21 00000094 FC                  <1>     cld                         ; DF = 0;
    22                              <1>                                 ; do {
    23                              <1>     .10L:                       ;    AL = *SI++;
    24 00000095 AC                  <1>     lodsb                       ;    if (0 == AL) break;
    25                              <1>                                 ;    Int10(0x0E, AL);
    26 00000096 3C00                <1>     cmp al, 0                   ; } while(1);
    27 00000098 7404                <1>     je .10E
    28                              <1> 
    29 0000009A CD10                <1>     int 0x10
    30 0000009C EBF7                <1>     jmp .10L
    31                              <1> 
    32                              <1>     .10E:
    33                              <1>     ;; レジスタの復帰
    34 0000009E 5E                  <1>     pop si
    35 0000009F 5B                  <1>     pop bx
    36 000000A0 58                  <1>     pop ax
    37                              <1>     ;; スタックフレームの破棄
    38 000000A1 89EC                <1>     mov sp, bp
    39 000000A3 5D                  <1>     pop bp
    40                              <1> 
    41 000000A4 C3                  <1>     ret
    42                                  ;;;
    43                                  ;;; ブートフラグ(先頭 512 バイトの終了)
    44                                  ;;;
    45 000000A5 00<rept>                    times 510 - ($ - $$) db 0x00
    46 000001FE 55AA                        db 0x55, 0xAA
